// Jest Snapshot v1, https://goo.gl/fbAQLP

exports[`renders homepage unchanged 1`] = `
<div>
  <div>
    <div
      style="background-color: transparent; height: calc(80vh);"
    />
    <div
      class="row transparent"
    >
      <div
        class="mL"
      />
      <div
        class="col col-C"
      >
        <div
          class="mrq"
        >
          <h1
            class="title"
          >
            Instructional Design and UX Development Services
          </h1>
          <p
            class="description"
          >
            We provide world-class instructional design and UX design and development services through all phases of development.
          </p>
        </div>
      </div>
      <div
        class="mR"
      />
    </div>
    <div
      class="row white"
    >
      <div
        class="mL"
      />
      <div
        class="col col-C"
        style="flex-wrap: wrap;"
      >
        <div
          class="kcs"
        >
          <h1>
            Instructional Design
          </h1>
          <h2
            class="flair"
          >
            Engaging and enjoyable e-learning experiences for your team or business.
          </h2>
          <p>
            Create asynchronous learning modules and classes for your organization or business to deliver instructor-less learning experiences.
          </p>
          <p>
            <a
              href="/id.html"
            >
              Learn More
            </a>
          </p>
        </div>
        <hr />
        <div
          class="kcs"
        >
          <h1>
            User Experience Development
          </h1>
          <h2
            class="flair"
          >
            Accessible, delightful and reliable user interface development at any scale.
          </h2>
          <p>
            We provide design and development services to create requirements, and implement user interfaces and digital experiences for your site or app.
          </p>
          <p>
            <a
              href="/ux.html"
            >
              Learn More
            </a>
          </p>
        </div>
      </div>
      <div
        class="mR"
      />
    </div>
    <div
      class="row grey"
    >
      <div
        class="mL"
      />
      <div
        class="col col-C"
      >
        <div
          class="mL"
        />
        <div
          class="bed"
        >
          <div
            class="col col-C"
          >
            <div
              class="kcs partner-list"
            >
              <div
                style="text-align: center;"
              >
                <h3>
                  You are invited to join the group of companies we've solved problems with!
                </h3>
              </div>
              <div
                class="partner-row"
              >
                <div
                  class="partner-col"
                >
                  <span
                    style="box-sizing: border-box; display: inline-block; overflow: hidden; background: none; opacity: 1; border: 0px; margin: 0px; padding: 0px; position: relative; max-width: 100%;"
                  >
                    <span
                      style="box-sizing: border-box; display: block; background: none; opacity: 1; border: 0px; margin: 0px; padding: 0px; max-width: 100%;"
                    >
                      <img
                        alt=""
                        aria-hidden="true"
                        src="data:image/svg+xml,%3csvg%20xmlns=%27http://www.w3.org/2000/svg%27%20version=%271.1%27%20width=%27180%27%20height=%2744%27/%3e"
                        style="display: block; max-width: 100%; background: none; opacity: 1; border: 0px; margin: 0px; padding: 0px;"
                      />
                    </span>
                    <img
                      alt="lululemon"
                      data-nimg="intrinsic"
                      decoding="async"
                      src="data:image/gif;base64,R0lGODlhAQABAIAAAAAAAP///yH5BAEAAAAALAAAAAABAAEAAAIBRAA7"
                      style="position: absolute; top: 0px; left: 0px; bottom: 0px; right: 0px; box-sizing: border-box; padding: 0px; margin: auto; display: block; width: 0px; height: 0px; min-width: 100%; max-width: 100%; min-height: 100%; max-height: 100%;"
                    />
                    <noscript />
                  </span>
                </div>
              </div>
              <div
                class="partner-row"
              >
                <div
                  class="partner-col"
                >
                  <span
                    style="box-sizing: border-box; display: inline-block; overflow: hidden; background: none; opacity: 1; border: 0px; margin: 0px; padding: 0px; position: relative; max-width: 100%;"
                  >
                    <span
                      style="box-sizing: border-box; display: block; background: none; opacity: 1; border: 0px; margin: 0px; padding: 0px; max-width: 100%;"
                    >
                      <img
                        alt=""
                        aria-hidden="true"
                        src="data:image/svg+xml,%3csvg%20xmlns=%27http://www.w3.org/2000/svg%27%20version=%271.1%27%20width=%27140%27%20height=%2732%27/%3e"
                        style="display: block; max-width: 100%; background: none; opacity: 1; border: 0px; margin: 0px; padding: 0px;"
                      />
                    </span>
                    <img
                      alt="microsoft"
                      data-nimg="intrinsic"
                      decoding="async"
                      src="data:image/gif;base64,R0lGODlhAQABAIAAAAAAAP///yH5BAEAAAAALAAAAAABAAEAAAIBRAA7"
                      style="position: absolute; top: 0px; left: 0px; bottom: 0px; right: 0px; box-sizing: border-box; padding: 0px; margin: auto; display: block; width: 0px; height: 0px; min-width: 100%; max-width: 100%; min-height: 100%; max-height: 100%;"
                    />
                    <noscript />
                  </span>
                </div>
                <div
                  class="partner-col"
                >
                  <span
                    style="box-sizing: border-box; display: inline-block; overflow: hidden; background: none; opacity: 1; border: 0px; margin: 0px; padding: 0px; position: relative; max-width: 100%;"
                  >
                    <span
                      style="box-sizing: border-box; display: block; background: none; opacity: 1; border: 0px; margin: 0px; padding: 0px; max-width: 100%;"
                    >
                      <img
                        alt=""
                        aria-hidden="true"
                        src="data:image/svg+xml,%3csvg%20xmlns=%27http://www.w3.org/2000/svg%27%20version=%271.1%27%20width=%27140%27%20height=%2731%27/%3e"
                        style="display: block; max-width: 100%; background: none; opacity: 1; border: 0px; margin: 0px; padding: 0px;"
                      />
                    </span>
                    <img
                      alt="expedia"
                      data-nimg="intrinsic"
                      decoding="async"
                      src="data:image/gif;base64,R0lGODlhAQABAIAAAAAAAP///yH5BAEAAAAALAAAAAABAAEAAAIBRAA7"
                      style="position: absolute; top: 0px; left: 0px; bottom: 0px; right: 0px; box-sizing: border-box; padding: 0px; margin: auto; display: block; width: 0px; height: 0px; min-width: 100%; max-width: 100%; min-height: 100%; max-height: 100%;"
                    />
                    <noscript />
                  </span>
                </div>
              </div>
              <div
                class="partner-row"
              >
                <div
                  class="partner-col"
                >
                  <span
                    style="box-sizing: border-box; display: inline-block; overflow: hidden; background: none; opacity: 1; border: 0px; margin: 0px; padding: 0px; position: relative; max-width: 100%;"
                  >
                    <span
                      style="box-sizing: border-box; display: block; background: none; opacity: 1; border: 0px; margin: 0px; padding: 0px; max-width: 100%;"
                    >
                      <img
                        alt=""
                        aria-hidden="true"
                        src="data:image/svg+xml,%3csvg%20xmlns=%27http://www.w3.org/2000/svg%27%20version=%271.1%27%20width=%27140%27%20height=%2780%27/%3e"
                        style="display: block; max-width: 100%; background: none; opacity: 1; border: 0px; margin: 0px; padding: 0px;"
                      />
                    </span>
                    <img
                      alt="sugar mountain"
                      data-nimg="intrinsic"
                      decoding="async"
                      src="data:image/gif;base64,R0lGODlhAQABAIAAAAAAAP///yH5BAEAAAAALAAAAAABAAEAAAIBRAA7"
                      style="position: absolute; top: 0px; left: 0px; bottom: 0px; right: 0px; box-sizing: border-box; padding: 0px; margin: auto; display: block; width: 0px; height: 0px; min-width: 100%; max-width: 100%; min-height: 100%; max-height: 100%;"
                    />
                    <noscript />
                  </span>
                </div>
                <div
                  class="partner-col"
                >
                  <span
                    style="box-sizing: border-box; display: inline-block; overflow: hidden; background: none; opacity: 1; border: 0px; margin: 0px; padding: 0px; position: relative; max-width: 100%;"
                  >
                    <span
                      style="box-sizing: border-box; display: block; background: none; opacity: 1; border: 0px; margin: 0px; padding: 0px; max-width: 100%;"
                    >
                      <img
                        alt=""
                        aria-hidden="true"
                        src="data:image/svg+xml,%3csvg%20xmlns=%27http://www.w3.org/2000/svg%27%20version=%271.1%27%20width=%27140%27%20height=%2786%27/%3e"
                        style="display: block; max-width: 100%; background: none; opacity: 1; border: 0px; margin: 0px; padding: 0px;"
                      />
                    </span>
                    <img
                      alt="beecher's handmade cheese"
                      data-nimg="intrinsic"
                      decoding="async"
                      src="data:image/gif;base64,R0lGODlhAQABAIAAAAAAAP///yH5BAEAAAAALAAAAAABAAEAAAIBRAA7"
                      style="position: absolute; top: 0px; left: 0px; bottom: 0px; right: 0px; box-sizing: border-box; padding: 0px; margin: auto; display: block; width: 0px; height: 0px; min-width: 100%; max-width: 100%; min-height: 100%; max-height: 100%;"
                    />
                    <noscript />
                  </span>
                </div>
              </div>
              <div
                class="partner-row"
              >
                <div
                  class="partner-col"
                  style="font-size: 1.25em;"
                >
                  Arpegi
                </div>
              </div>
              <div
                class="partner-row"
              >
                <div
                  class="partner-col"
                >
                  Napoli Communications
                </div>
              </div>
              <div
                class="partner-row"
              >
                <div
                  class="partner-col"
                >
                  Sunshow Learning
                </div>
              </div>
            </div>
          </div>
        </div>
        <div
          class="mR"
        />
      </div>
      <div
        class="mR"
      />
    </div>
  </div>
</div>
`;
