// Jest Snapshot v1, https://goo.gl/fbAQLP

exports[`renders homepage unchanged 1`] = `
<div>
  <div>
    <div
      style="background-color: transparent; height: calc(80vh); position: relative; z-index: 1;"
    />
    <a
      id="services"
      style="margin-top: 128px;"
    />
    <div
      class="row "
    >
      <div
        class="margin null"
      />
      <div
        class="content null"
      >
        <div
          class="col"
        >
          <div
            class="mrq"
          >
            <h1
              class="title"
            >
              Instructional Design and UX Development Services
            </h1>
            <p
              class="description"
            >
              We provide world-class instructional design and UX design and development services through all phases of development.
            </p>
          </div>
        </div>
      </div>
      <div
        class="margin null"
      />
    </div>
    <div
      class="row shadowBottom "
    >
      <div
        class="margin null"
      />
      <div
        class="content null"
      >
        <div
          class="col"
        >
          <div
            class="kcs"
          >
            <h1>
              Instructional Design
            </h1>
            <h2
              class="flair"
            >
              Engaging and enjoyable e-learning experiences for your team or business.
            </h2>
            <p>
              Create asynchronous learning modules and classes for your organization or business to deliver instructor-less learning experiences.
            </p>
            <p>
              <a
                href="/id"
              >
                Learn More
              </a>
            </p>
          </div>
          <hr />
          <div
            class="kcs"
          >
            <h1>
              User Experience Development
            </h1>
            <h2
              class="flair"
            >
              Accessible, delightful and reliable user interface development at any scale.
            </h2>
            <p>
              We provide design and development services to create requirements, and implement user interfaces and digital experiences for your site or app.
            </p>
            <p>
              <a
                href="/ux"
              >
                Learn More
              </a>
            </p>
          </div>
        </div>
      </div>
      <div
        class="margin null"
      />
    </div>
    <div
      class="row shadowTop "
    >
      <div
        class="margin null"
      />
      <div
        class="content null"
      >
        <div
          class="col"
        >
          <div
            class="kcs partner-list"
          >
            <div
              style="text-align: center;"
            >
              <h3>
                You are invited to join the group of companies we've solved problems with!
              </h3>
            </div>
            <div
              class="partner-row"
            >
              <div
                class="partner-col"
              >
                <img
                  alt="lululemon"
                  height="44"
                  src="/images/lululemon-trans.png"
                  width="180"
                />
              </div>
            </div>
            <div
              class="partner-row"
            >
              <div
                class="partner-col"
              >
                <img
                  alt="microsoft"
                  height="32"
                  src="/images/microsoft-trans.png"
                  width="140"
                />
              </div>
              <div
                class="partner-col"
              >
                <img
                  alt="expedia"
                  height="31"
                  src="/images/expedia-trans.png"
                  width="140"
                />
              </div>
            </div>
            <div
              class="partner-row"
            >
              <div
                class="partner-col"
              >
                <img
                  alt="sugar mountain"
                  height="80"
                  src="/images/sugar-mnt-logo-slider-385.png"
                  width="140"
                />
              </div>
              <div
                class="partner-col"
              >
                <img
                  alt="beecher's handmade cheese"
                  height="86"
                  src="/images/beechers-logo.svg"
                  width="140"
                />
              </div>
            </div>
            <div
              class="partner-row"
            >
              <div
                class="partner-col"
                style="font-size: 1.25em;"
              >
                Arpegi
              </div>
            </div>
            <div
              class="partner-row"
            >
              <div
                class="partner-col"
              >
                Napoli Communications
              </div>
            </div>
            <div
              class="partner-row"
            >
              <div
                class="partner-col"
              >
                Sunshower Learning
              </div>
            </div>
          </div>
        </div>
      </div>
      <div
        class="margin null"
      />
    </div>
  </div>
</div>
`;
